/home/kavia/workspace/code-generation/eventmaster-62769-874c62f9/events_api_backend/venv/lib/python3.12/site-packages/pydantic/_internal/_config.py:373: UserWarning: Valid config keys have changed in V2:
* 'orm_mode' has been renamed to 'from_attributes'
  warnings.warn(message, UserWarning)
INFO:     Started server process [2369]
INFO:     Waiting for application startup.
INFO:     Application startup complete.
INFO:     Uvicorn running on http://0.0.0.0:3001 (Press CTRL+C to quit)
INFO:     10.1.8.62:34374 - "HEAD /docs HTTP/1.1" 200 OK
INFO:     10.1.8.62:34380 - "HEAD /docs HTTP/1.1" 200 OK
INFO:     10.1.8.62:34384 - "HEAD /docs HTTP/1.1" 200 OK
INFO:     10.1.8.62:34386 - "HEAD /docs HTTP/1.1" 200 OK
INFO:     10.1.8.62:34404 - "HEAD /docs HTTP/1.1" 200 OK
INFO:     10.1.8.62:34414 - "HEAD /docs HTTP/1.1" 200 OK
INFO:     10.1.8.62:34418 - "GET /docs HTTP/1.1" 200 OK
INFO:     10.1.8.62:34424 - "GET /docs HTTP/1.1" 200 OK
INFO:     10.1.8.62:34434 - "GET /openapi.json HTTP/1.1" 500 Internal Server Error
ERROR:    Exception in ASGI application
Traceback (most recent call last):
  File "/home/kavia/workspace/code-generation/eventmaster-62769-874c62f9/events_api_backend/venv/lib/python3.12/site-packages/uvicorn/protocols/http/httptools_impl.py", line 409, in run_asgi
    result = await app(  # type: ignore[func-returns-value]
             ^^^^^^^^^^^^^^^^^^^^^^^^^^^^^^^^^^^^^^^^^^^^^^
  File "/home/kavia/workspace/code-generation/eventmaster-62769-874c62f9/events_api_backend/venv/lib/python3.12/site-packages/uvicorn/middleware/proxy_headers.py", line 60, in __call__
    return await self.app(scope, receive, send)
           ^^^^^^^^^^^^^^^^^^^^^^^^^^^^^^^^^^^^
  File "/home/kavia/workspace/code-generation/eventmaster-62769-874c62f9/events_api_backend/venv/lib/python3.12/site-packages/fastapi/applications.py", line 1054, in __call__
    await super().__call__(scope, receive, send)
  File "/home/kavia/workspace/code-generation/eventmaster-62769-874c62f9/events_api_backend/venv/lib/python3.12/site-packages/starlette/applications.py", line 112, in __call__
    await self.middleware_stack(scope, receive, send)
  File "/home/kavia/workspace/code-generation/eventmaster-62769-874c62f9/events_api_backend/venv/lib/python3.12/site-packages/starlette/middleware/errors.py", line 187, in __call__
    raise exc
  File "/home/kavia/workspace/code-generation/eventmaster-62769-874c62f9/events_api_backend/venv/lib/python3.12/site-packages/starlette/middleware/errors.py", line 165, in __call__
    await self.app(scope, receive, _send)
  File "/home/kavia/workspace/code-generation/eventmaster-62769-874c62f9/events_api_backend/venv/lib/python3.12/site-packages/starlette/middleware/cors.py", line 85, in __call__
    await self.app(scope, receive, send)
  File "/home/kavia/workspace/code-generation/eventmaster-62769-874c62f9/events_api_backend/venv/lib/python3.12/site-packages/starlette/middleware/exceptions.py", line 62, in __call__
    await wrap_app_handling_exceptions(self.app, conn)(scope, receive, send)
  File "/home/kavia/workspace/code-generation/eventmaster-62769-874c62f9/events_api_backend/venv/lib/python3.12/site-packages/starlette/_exception_handler.py", line 53, in wrapped_app
    raise exc
  File "/home/kavia/workspace/code-generation/eventmaster-62769-874c62f9/events_api_backend/venv/lib/python3.12/site-packages/starlette/_exception_handler.py", line 42, in wrapped_app
    await app(scope, receive, sender)
  File "/home/kavia/workspace/code-generation/eventmaster-62769-874c62f9/events_api_backend/venv/lib/python3.12/site-packages/starlette/routing.py", line 714, in __call__
    await self.middleware_stack(scope, receive, send)
  File "/home/kavia/workspace/code-generation/eventmaster-62769-874c62f9/events_api_backend/venv/lib/python3.12/site-packages/starlette/routing.py", line 734, in app
    await route.handle(scope, receive, send)
  File "/home/kavia/workspace/code-generation/eventmaster-62769-874c62f9/events_api_backend/venv/lib/python3.12/site-packages/starlette/routing.py", line 288, in handle
    await self.app(scope, receive, send)
  File "/home/kavia/workspace/code-generation/eventmaster-62769-874c62f9/events_api_backend/venv/lib/python3.12/site-packages/starlette/routing.py", line 76, in app
    await wrap_app_handling_exceptions(app, request)(scope, receive, send)
  File "/home/kavia/workspace/code-generation/eventmaster-62769-874c62f9/events_api_backend/venv/lib/python3.12/site-packages/starlette/_exception_handler.py", line 53, in wrapped_app
    raise exc
  File "/home/kavia/workspace/code-generation/eventmaster-62769-874c62f9/events_api_backend/venv/lib/python3.12/site-packages/starlette/_exception_handler.py", line 42, in wrapped_app
    await app(scope, receive, sender)
  File "/home/kavia/workspace/code-generation/eventmaster-62769-874c62f9/events_api_backend/venv/lib/python3.12/site-packages/starlette/routing.py", line 73, in app
    response = await f(request)
               ^^^^^^^^^^^^^^^^
  File "/home/kavia/workspace/code-generation/eventmaster-62769-874c62f9/events_api_backend/venv/lib/python3.12/site-packages/fastapi/applications.py", line 1009, in openapi
    return JSONResponse(self.openapi())
                        ^^^^^^^^^^^^^^
  File "/home/kavia/workspace/code-generation/eventmaster-62769-874c62f9/events_api_backend/venv/lib/python3.12/site-packages/fastapi/applications.py", line 981, in openapi
    self.openapi_schema = get_openapi(
                          ^^^^^^^^^^^^
  File "/home/kavia/workspace/code-generation/eventmaster-62769-874c62f9/events_api_backend/venv/lib/python3.12/site-packages/fastapi/openapi/utils.py", line 569, in get_openapi
    return jsonable_encoder(OpenAPI(**output), by_alias=True, exclude_none=True)  # type: ignore
                            ^^^^^^^^^^^^^^^^^
  File "/home/kavia/workspace/code-generation/eventmaster-62769-874c62f9/events_api_backend/venv/lib/python3.12/site-packages/pydantic/main.py", line 253, in __init__
    validated_self = self.__pydantic_validator__.validate_python(data, self_instance=self)
                     ^^^^^^^^^^^^^^^^^^^^^^^^^^^^^^^^^^^^^^^^^^^^^^^^^^^^^^^^^^^^^^^^^^^^^
pydantic_core._pydantic_core.ValidationError: 1 validation error for OpenAPI
info.contact.email
  value is not a valid email address: The part after the @-sign is a special-use or reserved name that cannot be used with email. [type=value_error, input_value='support@eventmaster.local', input_type=str]
INFO:     10.1.8.62:34442 - "GET /openapi.json HTTP/1.1" 500 Internal Server Error
ERROR:    Exception in ASGI application
Traceback (most recent call last):
  File "/home/kavia/workspace/code-generation/eventmaster-62769-874c62f9/events_api_backend/venv/lib/python3.12/site-packages/uvicorn/protocols/http/httptools_impl.py", line 409, in run_asgi
    result = await app(  # type: ignore[func-returns-value]
             ^^^^^^^^^^^^^^^^^^^^^^^^^^^^^^^^^^^^^^^^^^^^^^
  File "/home/kavia/workspace/code-generation/eventmaster-62769-874c62f9/events_api_backend/venv/lib/python3.12/site-packages/uvicorn/middleware/proxy_headers.py", line 60, in __call__
    return await self.app(scope, receive, send)
           ^^^^^^^^^^^^^^^^^^^^^^^^^^^^^^^^^^^^
  File "/home/kavia/workspace/code-generation/eventmaster-62769-874c62f9/events_api_backend/venv/lib/python3.12/site-packages/fastapi/applications.py", line 1054, in __call__
    await super().__call__(scope, receive, send)
  File "/home/kavia/workspace/code-generation/eventmaster-62769-874c62f9/events_api_backend/venv/lib/python3.12/site-packages/starlette/applications.py", line 112, in __call__
    await self.middleware_stack(scope, receive, send)
  File "/home/kavia/workspace/code-generation/eventmaster-62769-874c62f9/events_api_backend/venv/lib/python3.12/site-packages/starlette/middleware/errors.py", line 187, in __call__
    raise exc
  File "/home/kavia/workspace/code-generation/eventmaster-62769-874c62f9/events_api_backend/venv/lib/python3.12/site-packages/starlette/middleware/errors.py", line 165, in __call__
    await self.app(scope, receive, _send)
  File "/home/kavia/workspace/code-generation/eventmaster-62769-874c62f9/events_api_backend/venv/lib/python3.12/site-packages/starlette/middleware/cors.py", line 85, in __call__
    await self.app(scope, receive, send)
  File "/home/kavia/workspace/code-generation/eventmaster-62769-874c62f9/events_api_backend/venv/lib/python3.12/site-packages/starlette/middleware/exceptions.py", line 62, in __call__
    await wrap_app_handling_exceptions(self.app, conn)(scope, receive, send)
  File "/home/kavia/workspace/code-generation/eventmaster-62769-874c62f9/events_api_backend/venv/lib/python3.12/site-packages/starlette/_exception_handler.py", line 53, in wrapped_app
    raise exc
  File "/home/kavia/workspace/code-generation/eventmaster-62769-874c62f9/events_api_backend/venv/lib/python3.12/site-packages/starlette/_exception_handler.py", line 42, in wrapped_app
    await app(scope, receive, sender)
  File "/home/kavia/workspace/code-generation/eventmaster-62769-874c62f9/events_api_backend/venv/lib/python3.12/site-packages/starlette/routing.py", line 714, in __call__
    await self.middleware_stack(scope, receive, send)
  File "/home/kavia/workspace/code-generation/eventmaster-62769-874c62f9/events_api_backend/venv/lib/python3.12/site-packages/starlette/routing.py", line 734, in app
    await route.handle(scope, receive, send)
  File "/home/kavia/workspace/code-generation/eventmaster-62769-874c62f9/events_api_backend/venv/lib/python3.12/site-packages/starlette/routing.py", line 288, in handle
    await self.app(scope, receive, send)
  File "/home/kavia/workspace/code-generation/eventmaster-62769-874c62f9/events_api_backend/venv/lib/python3.12/site-packages/starlette/routing.py", line 76, in app
    await wrap_app_handling_exceptions(app, request)(scope, receive, send)
  File "/home/kavia/workspace/code-generation/eventmaster-62769-874c62f9/events_api_backend/venv/lib/python3.12/site-packages/starlette/_exception_handler.py", line 53, in wrapped_app
    raise exc
  File "/home/kavia/workspace/code-generation/eventmaster-62769-874c62f9/events_api_backend/venv/lib/python3.12/site-packages/starlette/_exception_handler.py", line 42, in wrapped_app
    await app(scope, receive, sender)
  File "/home/kavia/workspace/code-generation/eventmaster-62769-874c62f9/events_api_backend/venv/lib/python3.12/site-packages/starlette/routing.py", line 73, in app
    response = await f(request)
               ^^^^^^^^^^^^^^^^
  File "/home/kavia/workspace/code-generation/eventmaster-62769-874c62f9/events_api_backend/venv/lib/python3.12/site-packages/fastapi/applications.py", line 1009, in openapi
    return JSONResponse(self.openapi())
                        ^^^^^^^^^^^^^^
  File "/home/kavia/workspace/code-generation/eventmaster-62769-874c62f9/events_api_backend/venv/lib/python3.12/site-packages/fastapi/applications.py", line 981, in openapi
    self.openapi_schema = get_openapi(
                          ^^^^^^^^^^^^
  File "/home/kavia/workspace/code-generation/eventmaster-62769-874c62f9/events_api_backend/venv/lib/python3.12/site-packages/fastapi/openapi/utils.py", line 569, in get_openapi
    return jsonable_encoder(OpenAPI(**output), by_alias=True, exclude_none=True)  # type: ignore
                            ^^^^^^^^^^^^^^^^^
  File "/home/kavia/workspace/code-generation/eventmaster-62769-874c62f9/events_api_backend/venv/lib/python3.12/site-packages/pydantic/main.py", line 253, in __init__
    validated_self = self.__pydantic_validator__.validate_python(data, self_instance=self)
                     ^^^^^^^^^^^^^^^^^^^^^^^^^^^^^^^^^^^^^^^^^^^^^^^^^^^^^^^^^^^^^^^^^^^^^
pydantic_core._pydantic_core.ValidationError: 1 validation error for OpenAPI
info.contact.email
  value is not a valid email address: The part after the @-sign is a special-use or reserved name that cannot be used with email. [type=value_error, input_value='support@eventmaster.local', input_type=str]
INFO:     10.1.8.62:45160 - "HEAD /docs HTTP/1.1" 200 OK
INFO:     10.1.8.62:45172 - "HEAD /docs HTTP/1.1" 200 OK
INFO:     10.1.8.62:45188 - "HEAD /docs HTTP/1.1" 200 OK
INFO:     10.1.8.62:45190 - "HEAD /docs HTTP/1.1" 200 OK
INFO:     10.1.8.62:45198 - "HEAD /docs HTTP/1.1" 200 OK
INFO:     10.1.8.62:45208 - "HEAD /docs HTTP/1.1" 200 OK
INFO:     10.1.8.62:45216 - "GET /docs HTTP/1.1" 200 OK
INFO:     10.1.8.62:45226 - "GET /docs HTTP/1.1" 200 OK
INFO:     10.1.8.62:45232 - "GET /openapi.json HTTP/1.1" 500 Internal Server Error
ERROR:    Exception in ASGI application
Traceback (most recent call last):
  File "/home/kavia/workspace/code-generation/eventmaster-62769-874c62f9/events_api_backend/venv/lib/python3.12/site-packages/uvicorn/protocols/http/httptools_impl.py", line 409, in run_asgi
    result = await app(  # type: ignore[func-returns-value]
             ^^^^^^^^^^^^^^^^^^^^^^^^^^^^^^^^^^^^^^^^^^^^^^
  File "/home/kavia/workspace/code-generation/eventmaster-62769-874c62f9/events_api_backend/venv/lib/python3.12/site-packages/uvicorn/middleware/proxy_headers.py", line 60, in __call__
    return await self.app(scope, receive, send)
           ^^^^^^^^^^^^^^^^^^^^^^^^^^^^^^^^^^^^
  File "/home/kavia/workspace/code-generation/eventmaster-62769-874c62f9/events_api_backend/venv/lib/python3.12/site-packages/fastapi/applications.py", line 1054, in __call__
    await super().__call__(scope, receive, send)
  File "/home/kavia/workspace/code-generation/eventmaster-62769-874c62f9/events_api_backend/venv/lib/python3.12/site-packages/starlette/applications.py", line 112, in __call__
    await self.middleware_stack(scope, receive, send)
  File "/home/kavia/workspace/code-generation/eventmaster-62769-874c62f9/events_api_backend/venv/lib/python3.12/site-packages/starlette/middleware/errors.py", line 187, in __call__
    raise exc
  File "/home/kavia/workspace/code-generation/eventmaster-62769-874c62f9/events_api_backend/venv/lib/python3.12/site-packages/starlette/middleware/errors.py", line 165, in __call__
    await self.app(scope, receive, _send)
  File "/home/kavia/workspace/code-generation/eventmaster-62769-874c62f9/events_api_backend/venv/lib/python3.12/site-packages/starlette/middleware/cors.py", line 85, in __call__
    await self.app(scope, receive, send)
  File "/home/kavia/workspace/code-generation/eventmaster-62769-874c62f9/events_api_backend/venv/lib/python3.12/site-packages/starlette/middleware/exceptions.py", line 62, in __call__
    await wrap_app_handling_exceptions(self.app, conn)(scope, receive, send)
  File "/home/kavia/workspace/code-generation/eventmaster-62769-874c62f9/events_api_backend/venv/lib/python3.12/site-packages/starlette/_exception_handler.py", line 53, in wrapped_app
    raise exc
  File "/home/kavia/workspace/code-generation/eventmaster-62769-874c62f9/events_api_backend/venv/lib/python3.12/site-packages/starlette/_exception_handler.py", line 42, in wrapped_app
    await app(scope, receive, sender)
  File "/home/kavia/workspace/code-generation/eventmaster-62769-874c62f9/events_api_backend/venv/lib/python3.12/site-packages/starlette/routing.py", line 714, in __call__
    await self.middleware_stack(scope, receive, send)
  File "/home/kavia/workspace/code-generation/eventmaster-62769-874c62f9/events_api_backend/venv/lib/python3.12/site-packages/starlette/routing.py", line 734, in app
    await route.handle(scope, receive, send)
  File "/home/kavia/workspace/code-generation/eventmaster-62769-874c62f9/events_api_backend/venv/lib/python3.12/site-packages/starlette/routing.py", line 288, in handle
    await self.app(scope, receive, send)
  File "/home/kavia/workspace/code-generation/eventmaster-62769-874c62f9/events_api_backend/venv/lib/python3.12/site-packages/starlette/routing.py", line 76, in app
    await wrap_app_handling_exceptions(app, request)(scope, receive, send)
  File "/home/kavia/workspace/code-generation/eventmaster-62769-874c62f9/events_api_backend/venv/lib/python3.12/site-packages/starlette/_exception_handler.py", line 53, in wrapped_app
    raise exc
  File "/home/kavia/workspace/code-generation/eventmaster-62769-874c62f9/events_api_backend/venv/lib/python3.12/site-packages/starlette/_exception_handler.py", line 42, in wrapped_app
    await app(scope, receive, sender)
  File "/home/kavia/workspace/code-generation/eventmaster-62769-874c62f9/events_api_backend/venv/lib/python3.12/site-packages/starlette/routing.py", line 73, in app
    response = await f(request)
               ^^^^^^^^^^^^^^^^
  File "/home/kavia/workspace/code-generation/eventmaster-62769-874c62f9/events_api_backend/venv/lib/python3.12/site-packages/fastapi/applications.py", line 1009, in openapi
    return JSONResponse(self.openapi())
                        ^^^^^^^^^^^^^^
  File "/home/kavia/workspace/code-generation/eventmaster-62769-874c62f9/events_api_backend/venv/lib/python3.12/site-packages/fastapi/applications.py", line 981, in openapi
    self.openapi_schema = get_openapi(
                          ^^^^^^^^^^^^
  File "/home/kavia/workspace/code-generation/eventmaster-62769-874c62f9/events_api_backend/venv/lib/python3.12/site-packages/fastapi/openapi/utils.py", line 569, in get_openapi
    return jsonable_encoder(OpenAPI(**output), by_alias=True, exclude_none=True)  # type: ignore
                            ^^^^^^^^^^^^^^^^^
  File "/home/kavia/workspace/code-generation/eventmaster-62769-874c62f9/events_api_backend/venv/lib/python3.12/site-packages/pydantic/main.py", line 253, in __init__
    validated_self = self.__pydantic_validator__.validate_python(data, self_instance=self)
                     ^^^^^^^^^^^^^^^^^^^^^^^^^^^^^^^^^^^^^^^^^^^^^^^^^^^^^^^^^^^^^^^^^^^^^
pydantic_core._pydantic_core.ValidationError: 1 validation error for OpenAPI
info.contact.email
  value is not a valid email address: The part after the @-sign is a special-use or reserved name that cannot be used with email. [type=value_error, input_value='support@eventmaster.local', input_type=str]
INFO:     10.1.8.62:45246 - "GET /openapi.json HTTP/1.1" 500 Internal Server Error
ERROR:    Exception in ASGI application
Traceback (most recent call last):
  File "/home/kavia/workspace/code-generation/eventmaster-62769-874c62f9/events_api_backend/venv/lib/python3.12/site-packages/uvicorn/protocols/http/httptools_impl.py", line 409, in run_asgi
    result = await app(  # type: ignore[func-returns-value]
             ^^^^^^^^^^^^^^^^^^^^^^^^^^^^^^^^^^^^^^^^^^^^^^
  File "/home/kavia/workspace/code-generation/eventmaster-62769-874c62f9/events_api_backend/venv/lib/python3.12/site-packages/uvicorn/middleware/proxy_headers.py", line 60, in __call__
    return await self.app(scope, receive, send)
           ^^^^^^^^^^^^^^^^^^^^^^^^^^^^^^^^^^^^
  File "/home/kavia/workspace/code-generation/eventmaster-62769-874c62f9/events_api_backend/venv/lib/python3.12/site-packages/fastapi/applications.py", line 1054, in __call__
    await super().__call__(scope, receive, send)
  File "/home/kavia/workspace/code-generation/eventmaster-62769-874c62f9/events_api_backend/venv/lib/python3.12/site-packages/starlette/applications.py", line 112, in __call__
    await self.middleware_stack(scope, receive, send)
  File "/home/kavia/workspace/code-generation/eventmaster-62769-874c62f9/events_api_backend/venv/lib/python3.12/site-packages/starlette/middleware/errors.py", line 187, in __call__
    raise exc
  File "/home/kavia/workspace/code-generation/eventmaster-62769-874c62f9/events_api_backend/venv/lib/python3.12/site-packages/starlette/middleware/errors.py", line 165, in __call__
    await self.app(scope, receive, _send)
  File "/home/kavia/workspace/code-generation/eventmaster-62769-874c62f9/events_api_backend/venv/lib/python3.12/site-packages/starlette/middleware/cors.py", line 85, in __call__
    await self.app(scope, receive, send)
  File "/home/kavia/workspace/code-generation/eventmaster-62769-874c62f9/events_api_backend/venv/lib/python3.12/site-packages/starlette/middleware/exceptions.py", line 62, in __call__
    await wrap_app_handling_exceptions(self.app, conn)(scope, receive, send)
  File "/home/kavia/workspace/code-generation/eventmaster-62769-874c62f9/events_api_backend/venv/lib/python3.12/site-packages/starlette/_exception_handler.py", line 53, in wrapped_app
    raise exc
  File "/home/kavia/workspace/code-generation/eventmaster-62769-874c62f9/events_api_backend/venv/lib/python3.12/site-packages/starlette/_exception_handler.py", line 42, in wrapped_app
    await app(scope, receive, sender)
  File "/home/kavia/workspace/code-generation/eventmaster-62769-874c62f9/events_api_backend/venv/lib/python3.12/site-packages/starlette/routing.py", line 714, in __call__
    await self.middleware_stack(scope, receive, send)
  File "/home/kavia/workspace/code-generation/eventmaster-62769-874c62f9/events_api_backend/venv/lib/python3.12/site-packages/starlette/routing.py", line 734, in app
    await route.handle(scope, receive, send)
  File "/home/kavia/workspace/code-generation/eventmaster-62769-874c62f9/events_api_backend/venv/lib/python3.12/site-packages/starlette/routing.py", line 288, in handle
    await self.app(scope, receive, send)
  File "/home/kavia/workspace/code-generation/eventmaster-62769-874c62f9/events_api_backend/venv/lib/python3.12/site-packages/starlette/routing.py", line 76, in app
    await wrap_app_handling_exceptions(app, request)(scope, receive, send)
  File "/home/kavia/workspace/code-generation/eventmaster-62769-874c62f9/events_api_backend/venv/lib/python3.12/site-packages/starlette/_exception_handler.py", line 53, in wrapped_app
    raise exc
  File "/home/kavia/workspace/code-generation/eventmaster-62769-874c62f9/events_api_backend/venv/lib/python3.12/site-packages/starlette/_exception_handler.py", line 42, in wrapped_app
    await app(scope, receive, sender)
  File "/home/kavia/workspace/code-generation/eventmaster-62769-874c62f9/events_api_backend/venv/lib/python3.12/site-packages/starlette/routing.py", line 73, in app
    response = await f(request)
               ^^^^^^^^^^^^^^^^
  File "/home/kavia/workspace/code-generation/eventmaster-62769-874c62f9/events_api_backend/venv/lib/python3.12/site-packages/fastapi/applications.py", line 1009, in openapi
    return JSONResponse(self.openapi())
                        ^^^^^^^^^^^^^^
  File "/home/kavia/workspace/code-generation/eventmaster-62769-874c62f9/events_api_backend/venv/lib/python3.12/site-packages/fastapi/applications.py", line 981, in openapi
    self.openapi_schema = get_openapi(
                          ^^^^^^^^^^^^
  File "/home/kavia/workspace/code-generation/eventmaster-62769-874c62f9/events_api_backend/venv/lib/python3.12/site-packages/fastapi/openapi/utils.py", line 569, in get_openapi
    return jsonable_encoder(OpenAPI(**output), by_alias=True, exclude_none=True)  # type: ignore
                            ^^^^^^^^^^^^^^^^^
  File "/home/kavia/workspace/code-generation/eventmaster-62769-874c62f9/events_api_backend/venv/lib/python3.12/site-packages/pydantic/main.py", line 253, in __init__
    validated_self = self.__pydantic_validator__.validate_python(data, self_instance=self)
                     ^^^^^^^^^^^^^^^^^^^^^^^^^^^^^^^^^^^^^^^^^^^^^^^^^^^^^^^^^^^^^^^^^^^^^
pydantic_core._pydantic_core.ValidationError: 1 validation error for OpenAPI
info.contact.email
  value is not a valid email address: The part after the @-sign is a special-use or reserved name that cannot be used with email. [type=value_error, input_value='support@eventmaster.local', input_type=str]
INFO:     10.1.8.62:57326 - "GET /docs HTTP/1.1" 200 OK
INFO:     10.1.8.62:57336 - "GET /openapi.json HTTP/1.1" 500 Internal Server Error
ERROR:    Exception in ASGI application
Traceback (most recent call last):
  File "/home/kavia/workspace/code-generation/eventmaster-62769-874c62f9/events_api_backend/venv/lib/python3.12/site-packages/uvicorn/protocols/http/httptools_impl.py", line 409, in run_asgi
    result = await app(  # type: ignore[func-returns-value]
             ^^^^^^^^^^^^^^^^^^^^^^^^^^^^^^^^^^^^^^^^^^^^^^
  File "/home/kavia/workspace/code-generation/eventmaster-62769-874c62f9/events_api_backend/venv/lib/python3.12/site-packages/uvicorn/middleware/proxy_headers.py", line 60, in __call__
    return await self.app(scope, receive, send)
           ^^^^^^^^^^^^^^^^^^^^^^^^^^^^^^^^^^^^
  File "/home/kavia/workspace/code-generation/eventmaster-62769-874c62f9/events_api_backend/venv/lib/python3.12/site-packages/fastapi/applications.py", line 1054, in __call__
    await super().__call__(scope, receive, send)
  File "/home/kavia/workspace/code-generation/eventmaster-62769-874c62f9/events_api_backend/venv/lib/python3.12/site-packages/starlette/applications.py", line 112, in __call__
    await self.middleware_stack(scope, receive, send)
  File "/home/kavia/workspace/code-generation/eventmaster-62769-874c62f9/events_api_backend/venv/lib/python3.12/site-packages/starlette/middleware/errors.py", line 187, in __call__
    raise exc
  File "/home/kavia/workspace/code-generation/eventmaster-62769-874c62f9/events_api_backend/venv/lib/python3.12/site-packages/starlette/middleware/errors.py", line 165, in __call__
    await self.app(scope, receive, _send)
  File "/home/kavia/workspace/code-generation/eventmaster-62769-874c62f9/events_api_backend/venv/lib/python3.12/site-packages/starlette/middleware/cors.py", line 85, in __call__
    await self.app(scope, receive, send)
  File "/home/kavia/workspace/code-generation/eventmaster-62769-874c62f9/events_api_backend/venv/lib/python3.12/site-packages/starlette/middleware/exceptions.py", line 62, in __call__
    await wrap_app_handling_exceptions(self.app, conn)(scope, receive, send)
  File "/home/kavia/workspace/code-generation/eventmaster-62769-874c62f9/events_api_backend/venv/lib/python3.12/site-packages/starlette/_exception_handler.py", line 53, in wrapped_app
    raise exc
  File "/home/kavia/workspace/code-generation/eventmaster-62769-874c62f9/events_api_backend/venv/lib/python3.12/site-packages/starlette/_exception_handler.py", line 42, in wrapped_app
    await app(scope, receive, sender)
  File "/home/kavia/workspace/code-generation/eventmaster-62769-874c62f9/events_api_backend/venv/lib/python3.12/site-packages/starlette/routing.py", line 714, in __call__
    await self.middleware_stack(scope, receive, send)
  File "/home/kavia/workspace/code-generation/eventmaster-62769-874c62f9/events_api_backend/venv/lib/python3.12/site-packages/starlette/routing.py", line 734, in app
    await route.handle(scope, receive, send)
  File "/home/kavia/workspace/code-generation/eventmaster-62769-874c62f9/events_api_backend/venv/lib/python3.12/site-packages/starlette/routing.py", line 288, in handle
    await self.app(scope, receive, send)
  File "/home/kavia/workspace/code-generation/eventmaster-62769-874c62f9/events_api_backend/venv/lib/python3.12/site-packages/starlette/routing.py", line 76, in app
    await wrap_app_handling_exceptions(app, request)(scope, receive, send)
  File "/home/kavia/workspace/code-generation/eventmaster-62769-874c62f9/events_api_backend/venv/lib/python3.12/site-packages/starlette/_exception_handler.py", line 53, in wrapped_app
    raise exc
  File "/home/kavia/workspace/code-generation/eventmaster-62769-874c62f9/events_api_backend/venv/lib/python3.12/site-packages/starlette/_exception_handler.py", line 42, in wrapped_app
    await app(scope, receive, sender)
  File "/home/kavia/workspace/code-generation/eventmaster-62769-874c62f9/events_api_backend/venv/lib/python3.12/site-packages/starlette/routing.py", line 73, in app
    response = await f(request)
               ^^^^^^^^^^^^^^^^
  File "/home/kavia/workspace/code-generation/eventmaster-62769-874c62f9/events_api_backend/venv/lib/python3.12/site-packages/fastapi/applications.py", line 1009, in openapi
    return JSONResponse(self.openapi())
                        ^^^^^^^^^^^^^^
  File "/home/kavia/workspace/code-generation/eventmaster-62769-874c62f9/events_api_backend/venv/lib/python3.12/site-packages/fastapi/applications.py", line 981, in openapi
    self.openapi_schema = get_openapi(
                          ^^^^^^^^^^^^
  File "/home/kavia/workspace/code-generation/eventmaster-62769-874c62f9/events_api_backend/venv/lib/python3.12/site-packages/fastapi/openapi/utils.py", line 569, in get_openapi
    return jsonable_encoder(OpenAPI(**output), by_alias=True, exclude_none=True)  # type: ignore
                            ^^^^^^^^^^^^^^^^^
  File "/home/kavia/workspace/code-generation/eventmaster-62769-874c62f9/events_api_backend/venv/lib/python3.12/site-packages/pydantic/main.py", line 253, in __init__
    validated_self = self.__pydantic_validator__.validate_python(data, self_instance=self)
                     ^^^^^^^^^^^^^^^^^^^^^^^^^^^^^^^^^^^^^^^^^^^^^^^^^^^^^^^^^^^^^^^^^^^^^
pydantic_core._pydantic_core.ValidationError: 1 validation error for OpenAPI
info.contact.email
  value is not a valid email address: The part after the @-sign is a special-use or reserved name that cannot be used with email. [type=value_error, input_value='support@eventmaster.local', input_type=str]
INFO:     10.1.8.62:54112 - "GET /docs HTTP/1.1" 200 OK
INFO:     10.1.8.62:54128 - "GET /openapi.json HTTP/1.1" 500 Internal Server Error
ERROR:    Exception in ASGI application
Traceback (most recent call last):
  File "/home/kavia/workspace/code-generation/eventmaster-62769-874c62f9/events_api_backend/venv/lib/python3.12/site-packages/uvicorn/protocols/http/httptools_impl.py", line 409, in run_asgi
    result = await app(  # type: ignore[func-returns-value]
             ^^^^^^^^^^^^^^^^^^^^^^^^^^^^^^^^^^^^^^^^^^^^^^
  File "/home/kavia/workspace/code-generation/eventmaster-62769-874c62f9/events_api_backend/venv/lib/python3.12/site-packages/uvicorn/middleware/proxy_headers.py", line 60, in __call__
    return await self.app(scope, receive, send)
           ^^^^^^^^^^^^^^^^^^^^^^^^^^^^^^^^^^^^
  File "/home/kavia/workspace/code-generation/eventmaster-62769-874c62f9/events_api_backend/venv/lib/python3.12/site-packages/fastapi/applications.py", line 1054, in __call__
    await super().__call__(scope, receive, send)
  File "/home/kavia/workspace/code-generation/eventmaster-62769-874c62f9/events_api_backend/venv/lib/python3.12/site-packages/starlette/applications.py", line 112, in __call__
    await self.middleware_stack(scope, receive, send)
  File "/home/kavia/workspace/code-generation/eventmaster-62769-874c62f9/events_api_backend/venv/lib/python3.12/site-packages/starlette/middleware/errors.py", line 187, in __call__
    raise exc
  File "/home/kavia/workspace/code-generation/eventmaster-62769-874c62f9/events_api_backend/venv/lib/python3.12/site-packages/starlette/middleware/errors.py", line 165, in __call__
    await self.app(scope, receive, _send)
  File "/home/kavia/workspace/code-generation/eventmaster-62769-874c62f9/events_api_backend/venv/lib/python3.12/site-packages/starlette/middleware/cors.py", line 85, in __call__
    await self.app(scope, receive, send)
  File "/home/kavia/workspace/code-generation/eventmaster-62769-874c62f9/events_api_backend/venv/lib/python3.12/site-packages/starlette/middleware/exceptions.py", line 62, in __call__
    await wrap_app_handling_exceptions(self.app, conn)(scope, receive, send)
  File "/home/kavia/workspace/code-generation/eventmaster-62769-874c62f9/events_api_backend/venv/lib/python3.12/site-packages/starlette/_exception_handler.py", line 53, in wrapped_app
    raise exc
  File "/home/kavia/workspace/code-generation/eventmaster-62769-874c62f9/events_api_backend/venv/lib/python3.12/site-packages/starlette/_exception_handler.py", line 42, in wrapped_app
    await app(scope, receive, sender)
  File "/home/kavia/workspace/code-generation/eventmaster-62769-874c62f9/events_api_backend/venv/lib/python3.12/site-packages/starlette/routing.py", line 714, in __call__
    await self.middleware_stack(scope, receive, send)
  File "/home/kavia/workspace/code-generation/eventmaster-62769-874c62f9/events_api_backend/venv/lib/python3.12/site-packages/starlette/routing.py", line 734, in app
    await route.handle(scope, receive, send)
  File "/home/kavia/workspace/code-generation/eventmaster-62769-874c62f9/events_api_backend/venv/lib/python3.12/site-packages/starlette/routing.py", line 288, in handle
    await self.app(scope, receive, send)
  File "/home/kavia/workspace/code-generation/eventmaster-62769-874c62f9/events_api_backend/venv/lib/python3.12/site-packages/starlette/routing.py", line 76, in app
    await wrap_app_handling_exceptions(app, request)(scope, receive, send)
  File "/home/kavia/workspace/code-generation/eventmaster-62769-874c62f9/events_api_backend/venv/lib/python3.12/site-packages/starlette/_exception_handler.py", line 53, in wrapped_app
    raise exc
  File "/home/kavia/workspace/code-generation/eventmaster-62769-874c62f9/events_api_backend/venv/lib/python3.12/site-packages/starlette/_exception_handler.py", line 42, in wrapped_app
    await app(scope, receive, sender)
  File "/home/kavia/workspace/code-generation/eventmaster-62769-874c62f9/events_api_backend/venv/lib/python3.12/site-packages/starlette/routing.py", line 73, in app
    response = await f(request)
               ^^^^^^^^^^^^^^^^
  File "/home/kavia/workspace/code-generation/eventmaster-62769-874c62f9/events_api_backend/venv/lib/python3.12/site-packages/fastapi/applications.py", line 1009, in openapi
    return JSONResponse(self.openapi())
                        ^^^^^^^^^^^^^^
  File "/home/kavia/workspace/code-generation/eventmaster-62769-874c62f9/events_api_backend/venv/lib/python3.12/site-packages/fastapi/applications.py", line 981, in openapi
    self.openapi_schema = get_openapi(
                          ^^^^^^^^^^^^
  File "/home/kavia/workspace/code-generation/eventmaster-62769-874c62f9/events_api_backend/venv/lib/python3.12/site-packages/fastapi/openapi/utils.py", line 569, in get_openapi
    return jsonable_encoder(OpenAPI(**output), by_alias=True, exclude_none=True)  # type: ignore
                            ^^^^^^^^^^^^^^^^^
  File "/home/kavia/workspace/code-generation/eventmaster-62769-874c62f9/events_api_backend/venv/lib/python3.12/site-packages/pydantic/main.py", line 253, in __init__
    validated_self = self.__pydantic_validator__.validate_python(data, self_instance=self)
                     ^^^^^^^^^^^^^^^^^^^^^^^^^^^^^^^^^^^^^^^^^^^^^^^^^^^^^^^^^^^^^^^^^^^^^
pydantic_core._pydantic_core.ValidationError: 1 validation error for OpenAPI
info.contact.email
  value is not a valid email address: The part after the @-sign is a special-use or reserved name that cannot be used with email. [type=value_error, input_value='support@eventmaster.local', input_type=str]
